[www.radprocalculator.com/Decay.html]
[backblue.gif]
[fade.gif]
[index.html]
[www.radprocalculator.com/RadPro.ico]
[www.radprocalculator.com/ScriptResource53de.html]
[www.radprocalculator.com/ScriptResource2d8b.html]
[www.radprocalculator.com/DXR0abd.axd]
[www.radprocalculator.com/DXR91f0.css]
[www.radprocalculator.com/Files/References.pdf]
[www.radprocalculator.com/Files/Disclaimer.pdf]
[www.radprocalculator.com/Files/SmartphoneVersion.pdf]
[www.radprocalculator.com/Files/RadProCalculatorDesktopHelp.pdf]
[www.radprocalculator.com/Files/ProbabilityPlot.pdf]
[www.radprocalculator.com/Decay.html]
[www.statcounter.com/counter/counter_xhtml.js]
[www.radprocalculator.com/WebResource52be.html]
[www.radprocalculator.com/ScriptResource53de.html]
[www.radprocalculator.com/ScriptResource2d8b.html]
[www.radprocalculator.com/js/stmenu.js]
[www.radprocalculator.com/ERRunSWFContent.js]
[www.radprocalculator.com/DXR99a2.png]
[www.radprocalculator.com/index.html]
[www.radprocalculator.com/DXR935d.png]
[www.radprocalculator.com/DXR475e.gif]
[www.radprocalculator.com/DXR2e5c.gif]
[www.radprocalculator.com/DXR5ad6.gif]
[www.radprocalculator.com/DXR6cc6.gif]
[www.radprocalculator.com/DXR84b8.gif]
[www.radprocalculator.com/DXR93cc.gif]
[www.radprocalculator.com/DXRddcd.gif]
[www.radprocalculator.com/DXRc1d4.gif]
[www.radprocalculator.com/DXR019a.gif]
[www.radprocalculator.com/DXR5328.gif]
[www.radprocalculator.com/DXR7d52.gif]
[www.radprocalculator.com/DXR4b41.gif]
[www.radprocalculator.com/DXR8d8d.gif]
[www.radprocalculator.com/DXR6d05.gif]
[www.radprocalculator.com/DXR92ab.gif]
[www.radprocalculator.com/DXR0904.gif]
[www.radprocalculator.com/DXR67a2.gif]
[www.radprocalculator.com/DXRb0a7.gif]
[www.radprocalculator.com/DXR8279.gif]
[www.radprocalculator.com/DXRd1e7.gif]
[www.radprocalculator.com/DXR2428.gif]
[www.radprocalculator.com/DXR289d.gif]
[www.radprocalculator.com/DXRea85.gif]
[www.radprocalculator.com/DXRa188.gif]
[www.radprocalculator.com/DXR9dd1.gif]
[www.radprocalculator.com/DXR26e3.gif]
[www.radprocalculator.com/DXR3a53.png]
[www.radprocalculator.com/DXR91f0.css]
[www.radprocalculator.com/blank.html]
[www.radprocalculator.com/0604scroll2ldlalr.html]
[www.radprocalculator.com/event.html]
[www.radprocalculator.com/this.html]
[www.radprocalculator.com/default1fba.js]
[www.radprocalculator.com/Conversion.html]
[www.radprocalculator.com/Gamma.html]
[www.radprocalculator.com/Beta.html]
[www.radprocalculator.com/Grams.html]
[www.radprocalculator.com/TimedDecay.html]
[www.radprocalculator.com/HalfLife.html]
[www.radprocalculator.com/Bremsstrahlung.html]
[www.radprocalculator.com/InverseSquare.html]
[www.radprocalculator.com/ScalerMDC.html]
[www.radprocalculator.com/ScanMDC.html]
[www.radprocalculator.com/ALARA.html]
[www.radprocalculator.com/RadProDownloads.html]
[www.radprocalculator.com/RadProPDA.html]
[www.radprocalculator.com/Probability.html]
[www.radprocalculator.com/Geoconvert.html]
[www.radprocalculator.com/default.html]
[www.radprocalculator.com/XRay.html]
[www.radprocalculator.com/GeoConvert-2.html]
[www.radprocalculator.com/NuclearLinks.html]
[www.radprocalculator.com/SiteMap-2.html]
[www.radprocalculator.com/Files/RadProCalculatorUpdates.pdf]
[www.radprocalculator.com/Files/RadProCalculatorPocketPC.pdf]
[www.radprocalculator.com/Files/ShieldingandBuildup.pdf]
[www.radprocalculator.com/Files/Enrichment.pdf]
[www.radprocalculator.com/FAQ.html]
[www.radprocalculator.com/index.html]
[www.radprocalculator.com/StyleSheet.css]
[www.radprocalculator.com/default1fba.js]
[www.radprocalculator.com/Conversion.html]
[www.radprocalculator.com/DXRe44f.css]
[www.radprocalculator.com/DXR8eb6.gif]
[www.radprocalculator.com/Gamma.html]
[www.radprocalculator.com/Beta.html]
[www.radprocalculator.com/Grams.html]
[www.radprocalculator.com/TimedDecay.html]
[www.radprocalculator.com/HalfLife.html]
[www.radprocalculator.com/Bremsstrahlung.html]
[www.radprocalculator.com/InverseSquare.html]
[www.radprocalculator.com/ScalerMDC.html]
[www.radprocalculator.com/ScanMDC.html]
[www.radprocalculator.com/ALARA.html]
[www.radprocalculator.com/Files/vcredist_x86.zip]
[www.radprocalculator.com/RadProDownloads.html]
[www.radprocalculator.com/Files/DeployNET-FW_MSI.pdf]
[www.radprocalculator.com/Files/DeployNET-FW_CAB.pdf]
[www.radprocalculator.com/Files/DeployPocketPC.pdf]
[www.radprocalculator.com/Files/DeploySmartphone.pdf]
[www.radprocalculator.com/Files/Which Version Should I Install On My Smartphone.pdf]
[www.radprocalculator.com/RadProPDA.html]
[www.radprocalculator.com/ScriptResourcebb10.html]
[www.radprocalculator.com/ScriptResourceebb3.html]
[www.radprocalculator.com/ScriptResourcea6be.html]
[www.radprocalculator.com/ScriptResource9d81.html]
[www.radprocalculator.com/Probability.html]
[www.radprocalculator.com/Geoconvert.html]
[www.radprocalculator.com/sitemap.html]
[www.radprocalculator.com/default.html]
[www.radprocalculator.com/XRay.html]
[www.radprocalculator.com/UraniumEnrichment.html]
[www.radprocalculator.com/UraniumFuel.html]
[www.radprocalculator.com/GeoConvert-2.html]
[www.radprocalculator.com/NuclearLinks.html]
[www.radprocalculator.com/Request.html]
[www.radprocalculator.com/MailingList.html]
[www.radprocalculator.com/SiteMap-2.html]
[www.radprocalculator.com/FAQ.html]
[www.radprocalculator.com/Commas.html]
[www.radprocalculator.com/WebResource839a.html]
[www.radprocalculator.com/ScriptResourcebcd3.html]
[www.radprocalculator.com/DXRa35b.svg]
[www.radprocalculator.com/DXR0618.png]
[www.radprocalculator.com/DXR18d5.png]
[www.radprocalculator.com/DXR2b09.axd]
[www.radprocalculator.com/DXR606e.gif]
[www.radprocalculator.com/DXRe205.gif]
[www.radprocalculator.com/DXRc798.gif]
[www.radprocalculator.com/DXR7e12.gif]
[www.radprocalculator.com/DXR2447.gif]
[www.radprocalculator.com/DXRadb6.gif]
[www.radprocalculator.com/DXR6240.gif]
[www.radprocalculator.com/DXRec63.gif]
[www.radprocalculator.com/DXRa107.gif]
[www.radprocalculator.com/DXR88b0.gif]
[www.radprocalculator.com/DXR09c2.gif]
[www.radprocalculator.com/DXR8fb0.gif]
[www.radprocalculator.com/DXR0965.gif]
[www.radprocalculator.com/DXR9aca.gif]
[www.radprocalculator.com/DXRba54.gif]
[www.radprocalculator.com/DXRc2a3.png]
[www.radprocalculator.com/DXRc029.png]
[www.radprocalculator.com/DXR30fb.png]
[www.radprocalculator.com/DXRe44f.css]
[www.radprocalculator.com/Screenshots.html]
[www.radprocalculator.com/ScriptResourcebb10.html]
[www.radprocalculator.com/ScriptResourceebb3.html]
[www.radprocalculator.com/ScriptResourcea6be.html]
[www.radprocalculator.com/ScriptResource9d81.html]
[www.radprocalculator.com/ScriptResourcebcd3.html]
[www.radprocalculator.com/DXRa35b.svg]
[www.radprocalculator.com/Compat/Timer/Timer.html]
[www.radprocalculator.com/Common/Common.html]
[www.radprocalculator.com/ExtenderBase/BaseScripts.html]
[www.radprocalculator.com/Animation/Animations.html]
